c:\users\user\desktop\gameprograming2\ch9\x64\debug\vc143.pdb
c:\users\user\desktop\gameprograming2\ch9\x64\debug\vc143.idb
c:\users\user\desktop\gameprograming2\ch9\x64\debug\stage.obj
c:\users\user\desktop\gameprograming2\ch9\x64\debug\main.obj
c:\users\user\desktop\gameprograming2\ch9\x64\debug\item.obj
c:\users\user\desktop\gameprograming2\ch9\x64\debug\2dimensionarray.obj
c:\users\user\desktop\gameprograming2\pointer\x64\debug\ch9.exe
c:\users\user\desktop\gameprograming2\pointer\x64\debug\ch9.pdb
c:\users\user\desktop\gameprograming2\ch9\x64\debug\ch9.ilk
c:\users\administrator\desktop\gameprograming2\ch9\x64\debug\2dimensionarray.obj
c:\users\administrator\desktop\gameprograming2\ch9\x64\debug\item.obj
c:\users\administrator\desktop\gameprograming2\ch9\x64\debug\main.obj
c:\users\administrator\desktop\gameprograming2\ch9\x64\debug\stage.obj
c:\users\administrator\desktop\gameprograming2\ch9\x64\debug\ch9.ilk
c:\users\administrator\desktop\gameprograming2\ch9\x64\debug\vc143.idb
c:\users\administrator\desktop\gameprograming2\ch9\x64\debug\vc143.pdb
c:\users\administrator\desktop\gameprograming2\pointer\x64\debug\ch9.pdb
c:\users\administrator\desktop\gameprograming2\pointer\x64\debug\ch9.exe
c:\users\administrator\desktop\gameprograming2\ch9\x64\debug\ch9.tlog\cl.command.1.tlog
c:\users\administrator\desktop\gameprograming2\ch9\x64\debug\ch9.tlog\cl.items.tlog
c:\users\administrator\desktop\gameprograming2\ch9\x64\debug\ch9.tlog\cl.read.1.tlog
c:\users\administrator\desktop\gameprograming2\ch9\x64\debug\ch9.tlog\cl.write.1.tlog
c:\users\administrator\desktop\gameprograming2\ch9\x64\debug\ch9.tlog\link.command.1.tlog
c:\users\administrator\desktop\gameprograming2\ch9\x64\debug\ch9.tlog\link.read.1.tlog
c:\users\administrator\desktop\gameprograming2\ch9\x64\debug\ch9.tlog\link.secondary.1.tlog
c:\users\administrator\desktop\gameprograming2\ch9\x64\debug\ch9.tlog\link.write.1.tlog
